// Jest Snapshot v1, https://goo.gl/fbAQLP

exports[`Wizard renders correctly 1`] = `null`;
