// Jest Snapshot v1, https://goo.gl/fbAQLP

exports[`IconAttach renders 1`] = `
.emotion-2 {
  display: inline-block;
  vertical-align: middle;
  height: 24px;
  cursor: pointer;
  color: #707070;
  width: 80px;
  height: 49px;
  text-align: center;
  line-height: 49px;
  margin-right: 15px;
  margin-left: -20px;
}

.emotion-0 {
  font-size: 14px;
  vertical-align: middle;
}

.emotion-1 {
  font-size: 12px;
  font-family: "Roboto","Helvetica","Arial",sans-serif;
  margin-left: 3px;
}

<span
  className="emotion-2"
>
  <svg
    aria-hidden="true"
    className="MuiSvgIcon-root emotion-0"
    focusable="false"
    role="presentation"
    viewBox="0 0 24 24"
  >
    <path
      d="M16.5 6v11.5c0 2.21-1.79 4-4 4s-4-1.79-4-4V5c0-1.38 1.12-2.5 2.5-2.5s2.5 1.12 2.5 2.5v10.5c0 .55-.45 1-1 1s-1-.45-1-1V6H10v9.5c0 1.38 1.12 2.5 2.5 2.5s2.5-1.12 2.5-2.5V5c0-2.21-1.79-4-4-4S7 2.79 7 5v12.5c0 3.04 2.46 5.5 5.5 5.5s5.5-2.46 5.5-5.5V6h-1.5z"
    />
    <path
      d="M0 0h24v24H0z"
      fill="none"
    />
  </svg>
  <span
    className="emotion-1"
  >
    ICON
  </span>
</span>
`;
