// Jest Snapshot v1, https://goo.gl/fbAQLP

exports[`Hello World renders 1`] = `
<h1>
  Hello World!
</h1>
`;

exports[`MaterialIcon renders 1`] = `
<span
  class="span-root-1 span-root-2"
>
  <i />
</span>
`;
