// Jest Snapshot v1, https://goo.gl/fbAQLP

exports[`Breadcrumb renders 1`] = `
.emotion-0 {
  font-size: 12px;
}

<a
  class="MuiTypography-root MuiLink-root MuiLink-underlineHover emotion-0 MuiTypography-colorTextPrimary"
  href="/firstLevel"
>
  first level
</a>
`;
